Temporary test directory at /tmp/test_runner_₿_🏃_20260812_114505
1/26 - name_byhash.py passed, Duration: 2 s
2/26 - name_expiration.py passed, Duration: 3 s
3/26 - name_allowexpired.py passed, Duration: 3 s
4/26 - name_ant_workflow.py passed, Duration: 4 s
5/26 - name_doi.py passed, Duration: 5 s
6/26 - name_ismine.py passed, Duration: 2 s
7/26 - name_list.py passed, Duration: 3 s
8/26 - name_longsalt.py passed, Duration: 2 s
9/26 - name_multiupdate.py passed, Duration: 1 s
10/26 - name_novalue.py passed, Duration: 1 s
11/26 - name_listunspent.py passed, Duration: 5 s
12/26 - name_psbt.py passed, Duration: 2 s
13/26 - name_pending.py passed, Duration: 3 s
14/26 - name_rawtx.py passed, Duration: 2 s
15/26 - name_encodings.py passed, Duration: 14 s
16/26 - name_immature_inputs.py passed, Duration: 13 s
17/26 - name_multisig.py passed, Duration: 10 s
18/26 - name_reorg.py passed, Duration: 1 s
19/26 - name_scanning.py passed, Duration: 1 s
20/26 - name_segwit.py passed, Duration: 1 s
21/26 - name_sendcoins.py passed, Duration: 1 s
22/26 - name_txnqueue.py passed, Duration: 1 s
23/26 - name_multisig.py --bip16-active passed, Duration: 10 s
24/26 - name_utxo.py passed, Duration: 1 s
25/26 - name_registration.py passed, Duration: 7 s
26/26 - name_wallet.py passed, Duration: 4 s
Remaining jobs: [name_multisig.py --bip16-active, name_registration.py, name_sendcoins.py, name_txnqueue.py, name_utxo.py, name_wallet.py]
Remaining jobs: [name_multisig.py --bip16-active, name_registration.py, name_txnqueue.py, name_utxo.py, name_wallet.py]
Remaining jobs: [name_multisig.py --bip16-active, name_registration.py, name_utxo.py, name_wallet.py]
Remaining jobs: [name_registration.py, name_utxo.py, name_wallet.py]
Remaining jobs: [name_registration.py, name_wallet.py]
Remaining jobs: [name_wallet.py]

TEST                            | STATUS    | DURATION

name_allowexpired.py            | ✓ Passed  | 3 s
name_ant_workflow.py            | ✓ Passed  | 4 s
name_byhash.py                  | ✓ Passed  | 2 s
name_doi.py                     | ✓ Passed  | 5 s
name_encodings.py               | ✓ Passed  | 14 s
name_expiration.py              | ✓ Passed  | 3 s
name_immature_inputs.py         | ✓ Passed  | 13 s
name_ismine.py                  | ✓ Passed  | 2 s
name_list.py                    | ✓ Passed  | 3 s
name_listunspent.py             | ✓ Passed  | 5 s
name_longsalt.py                | ✓ Passed  | 2 s
name_multisig.py                | ✓ Passed  | 10 s
name_multisig.py --bip16-active | ✓ Passed  | 10 s
name_multiupdate.py             | ✓ Passed  | 1 s
name_novalue.py                 | ✓ Passed  | 1 s
name_pending.py                 | ✓ Passed  | 3 s
name_psbt.py                    | ✓ Passed  | 2 s
name_rawtx.py                   | ✓ Passed  | 2 s
name_registration.py            | ✓ Passed  | 7 s
name_reorg.py                   | ✓ Passed  | 1 s
name_scanning.py                | ✓ Passed  | 1 s
name_segwit.py                  | ✓ Passed  | 1 s
name_sendcoins.py               | ✓ Passed  | 1 s
name_txnqueue.py                | ✓ Passed  | 1 s
name_utxo.py                    | ✓ Passed  | 1 s
name_wallet.py                  | ✓ Passed  | 4 s

ALL                             | ✓ Passed  | 102 s (accumulated) 
Runtime: 21 s

